// Jest Snapshot v1, https://goo.gl/fbAQLP

exports[`matching a snapshot of Footer 1`] = `
<div
  className="MuiGrid-root Footer-root-1 MuiGrid-container MuiGrid-justify-xs-center"
>
  <div
    className="MuiGrid-root Footer-gridItem-7 MuiGrid-item"
  >
    <div
      className="Footer-subsectionItem-4"
    >
      <div>
        <ul
          className="Footer-headerLink-3"
        >
          <div
            className="Footer-ulHeader-6"
          >
            Genomes
          </div>
        </ul>
      </div>
      <ul
        className="Footer-listItem-2"
      >
        <li
          className="Footer-listItem-2"
        >
          <a
            className="Footer-link-5"
            href="/"
          >
            Dictyostelium discoideum
          </a>
        </li>
        <li
          className="Footer-listItem-2"
        >
          <a
            className="Footer-link-5"
            href="http://genomes.dictybase.org/purpureum"
          >
            Dictyostelium purpureum
          </a>
        </li>
        <li
          className="Footer-listItem-2"
        >
          <a
            className="Footer-link-5"
            href="http://genomes.dictybase.org/fasciculatum"
          >
            Dictyostelium fasciculatum
          </a>
        </li>
        <li
          className="Footer-listItem-2"
        >
          <a
            className="Footer-link-5"
            href="http://genomes.dictybase.org/pallidum"
          >
            Polysphondylium pallium
          </a>
        </li>
      </ul>
    </div>
  </div>
  <div
    className="MuiGrid-root Footer-gridItem-7 MuiGrid-item"
  >
    <div
      className="Footer-subsectionItem-4"
    >
      <div>
        <ul
          className="Footer-headerLink-3"
        >
          <div
            className="Footer-ulHeader-6"
          >
            Tools
          </div>
        </ul>
      </div>
      <ul
        className="Footer-listItem-2"
      >
        <li
          className="Footer-listItem-2"
        >
          <a
            className="Footer-link-5"
            href="http://dictybase.org/tools/jbrowse/?data=data/jbrowse/discoideum&loc=6:1..50011&tracks=reference,gene,transcript"
          >
            Genome Browser
          </a>
        </li>
        <li
          className="Footer-listItem-2"
        >
          <a
            className="Footer-link-5"
            href="/dictyaccess"
          >
            Dashboard
          </a>
        </li>
      </ul>
    </div>
  </div>
  <div
    className="MuiGrid-root Footer-gridItem-7 MuiGrid-item"
  >
    <div
      className="Footer-subsectionItem-4"
    >
      <div>
        <ul
          className="Footer-headerLink-3"
        >
          <div
            className="Footer-ulHeader-6"
          >
            Explore
          </div>
        </ul>
      </div>
      <ul
        className="Footer-listItem-2"
      >
        <li
          className="Footer-listItem-2"
        >
          <a
            className="Footer-link-5"
            href="/explore/art"
          >
            Dicty Art
          </a>
        </li>
        <li
          className="Footer-listItem-2"
        >
          <a
            className="Footer-link-5"
            href="/explore/gallery"
          >
            Gallery
          </a>
        </li>
        <li
          className="Footer-listItem-2"
        >
          <a
            className="Footer-link-5"
            href="/explore/learn"
          >
            Learn About Dicty
          </a>
        </li>
        <li
          className="Footer-listItem-2"
        >
          <a
            className="Footer-link-5"
            href="/explore/teach"
          >
            Teaching Protocols
          </a>
        </li>
        <li
          className="Footer-listItem-2"
        >
          <a
            className="Footer-link-5"
            href="/explore/links"
          >
            Useful Links
          </a>
        </li>
      </ul>
    </div>
  </div>
  <div
    className="MuiGrid-root Footer-gridItem-7 MuiGrid-item"
  >
    <div
      className="Footer-subsectionItem-4"
    >
      <div>
        <ul
          className="Footer-headerLink-3"
        >
          <div
            className="Footer-ulHeader-6"
          >
            Research
          </div>
        </ul>
      </div>
      <ul
        className="Footer-listItem-2"
      >
        <li
          className="Footer-listItem-2"
        >
          <a
            className="Footer-link-5"
            href="/research/ontology"
          >
            Anatomy Ontology
          </a>
        </li>
        <li
          className="Footer-listItem-2"
        >
          <a
            className="Footer-link-5"
            href="/research/codon"
          >
            Codon Bias Table
          </a>
        </li>
        <li
          className="Footer-listItem-2"
        >
          <a
            className="Footer-link-5"
            href="/research/nomenclature"
          >
            Nomenclature Guidelines
          </a>
        </li>
        <li
          className="Footer-listItem-2"
        >
          <a
            className="Footer-link-5"
            href="/research/phenotyping"
          >
            Phenotyping
          </a>
        </li>
        <li
          className="Footer-listItem-2"
        >
          <a
            className="Footer-link-5"
            href="/research/techniques"
          >
            Techniques
          </a>
        </li>
      </ul>
    </div>
  </div>
  <div
    className="MuiGrid-root Footer-gridItem-7 MuiGrid-item"
  >
    <div
      className="Footer-subsectionItem-4"
    >
      <div>
        <ul
          className="Footer-headerLink-3"
        >
          <div
            className="Footer-ulHeader-6"
          >
            Dicty Stock Center
          </div>
        </ul>
      </div>
      <ul
        className="Footer-listItem-2"
      >
        <li
          className="Footer-listItem-2"
        >
          <a
            className="Footer-link-5"
            href="/stockcenter"
          >
            Stock Center Home
          </a>
        </li>
        <li
          className="Footer-listItem-2"
        >
          <a
            className="Footer-link-5"
            href="/stockcenter/information/order"
          >
            Order Information
          </a>
        </li>
        <li
          className="Footer-listItem-2"
        >
          <a
            className="Footer-link-5"
            href="/stockcenter/information/faq"
          >
            FAQ
          </a>
        </li>
      </ul>
    </div>
  </div>
  <div
    className="MuiGrid-root Footer-gridItem-7 MuiGrid-item"
  >
    <div
      className="Footer-subsectionItem-4"
    >
      <div>
        <ul
          className="Footer-headerLink-3"
        >
          <div
            className="Footer-ulHeader-6"
          >
            Community
          </div>
        </ul>
      </div>
      <ul
        className="Footer-listItem-2"
      >
        <li
          className="Footer-listItem-2"
        >
          <a
            className="Footer-link-5"
            href="/community/citation"
          >
            Cite Us
          </a>
        </li>
        <li
          className="Footer-listItem-2"
        >
          <a
            className="Footer-link-5"
            href="/community/conference"
          >
            Dicty Annual Conferences
          </a>
        </li>
        <li
          className="Footer-listItem-2"
        >
          <a
            className="Footer-link-5"
            href="/community/listserv"
          >
            Dicty Email Forum
          </a>
        </li>
        <li
          className="Footer-listItem-2"
        >
          <a
            className="Footer-link-5"
            href="/community/labs"
          >
            Dicty Labs
          </a>
        </li>
        <li
          className="Footer-listItem-2"
        >
          <a
            className="Footer-link-5"
            href="/community/history"
          >
            History
          </a>
        </li>
        <li
          className="Footer-listItem-2"
        >
          <a
            className="Footer-link-5"
            href="/community/jobs"
          >
            Jobs
          </a>
        </li>
        <li
          className="Footer-listItem-2"
        >
          <a
            className="Footer-link-5"
            href="/community/meetings"
          >
            Upcoming Meetings
          </a>
        </li>
      </ul>
    </div>
  </div>
  <div
    className="MuiGrid-root Footer-gridItem-7 MuiGrid-item"
  >
    <div
      className="Footer-subsectionItem-4"
    >
      <div>
        <ul
          className="Footer-headerLink-3"
        >
          <div
            className="Footer-ulHeader-6"
          >
            Please Cite
          </div>
        </ul>
      </div>
      <ul
        className="Footer-listItem-2"
      >
        <li
          className="Footer-listItem-2"
        >
          <a
            className="Footer-link-5"
            href=""
          >
            dictyBase
          </a>
        </li>
        <li
          className="Footer-listItem-2"
        >
          <a
            className="Footer-link-5"
            href="/stockcenter"
          >
            Dicty Stock Center
          </a>
        </li>
      </ul>
    </div>
  </div>
  <div
    className="MuiGrid-root Footer-gridItem-7 MuiGrid-item"
  >
    <div
      className="Footer-subsectionItem-4"
    >
      <div>
        <ul
          className="Footer-headerLink-3"
        >
          <div
            className="Footer-ulHeader-6"
          >
            Supported By
          </div>
        </ul>
      </div>
      <ul
        className="Footer-listItem-2"
      >
        <li
          className="Footer-listItem-2"
        >
          <a
            className="Footer-link-5"
            href="https://www.nih.gov/"
          >
            NIH
          </a>
        </li>
        <li
          className="Footer-listItem-2"
        >
          <a
            className="Footer-link-5"
            href="http://gmod.org/wiki/Main_Page"
          >
            GMOD
          </a>
        </li>
        <li
          className="Footer-listItem-2"
        >
          <a
            className="Footer-link-5"
            href="http://www.geneontology.org/"
          >
            Gene Ontology
          </a>
        </li>
      </ul>
    </div>
  </div>
</div>
`;
