// Jest Snapshot v1, https://goo.gl/fbAQLP

exports[`matching a snapshot of Footer 1`] = `
<div
  className="MuiGrid-container-8 MuiGrid-justify-xs-center-25 Footer-root-1"
>
  <div
    className="MuiGrid-item-9 Footer-gridItem-7"
  >
    <div
      className="Footer-subsectionItem-4"
    >
      <div>
        <ul
          className="Footer-headerLink-6"
        >
          <a
            className="Footer-ulLink-5"
            href="http://yahoo.com"
          >
            Genomes
          </a>
        </ul>
      </div>
      <ul>
        <li
          className="Footer-listItem-2"
        >
          <a
            className="Footer-link-3"
            href="http://cnn.com"
          >
            Genomes Home
          </a>
        </li>
      </ul>
    </div>
  </div>
  <div
    className="MuiGrid-item-9 Footer-gridItem-7"
  >
    <div
      className="Footer-subsectionItem-4"
    >
      <div>
        <ul
          className="Footer-headerLink-6"
        >
          <a
            className="Footer-ulLink-5"
            href="http://dictybase.org/tools"
          >
            Tools
          </a>
        </ul>
      </div>
      <ul>
        <li
          className="Footer-listItem-2"
        >
          <a
            className="Footer-link-3"
            href="http://dictybase.org/tools"
          >
            Tools home
          </a>
        </li>
        <li
          className="Footer-listItem-2"
        >
          <a
            className="Footer-link-3"
            href="http://dictybase.org/tools"
          >
            New Genomes browser
          </a>
        </li>
      </ul>
    </div>
  </div>
  <div
    className="MuiGrid-item-9 Footer-gridItem-7"
  >
    <div
      className="Footer-subsectionItem-4"
    >
      <div>
        <ul
          className="Footer-headerLink-6"
        >
          <a
            className="Footer-ulLink-5"
            href="http://dictybase.org/tools"
          >
            Research
          </a>
        </ul>
      </div>
      <ul>
        <li
          className="Footer-listItem-2"
        >
          <a
            className="Footer-link-3"
            href="http://dictybase.org/tools"
          >
            Research home
          </a>
        </li>
        <li
          className="Footer-listItem-2"
        >
          <a
            className="Footer-link-3"
            href="http://dictybase.org/tools"
          >
            Anatomy ontology
          </a>
        </li>
        <li
          className="Footer-listItem-2"
        >
          <a
            className="Footer-link-3"
            href="http://dictybase.org/tools"
          >
            Codon bias table
          </a>
        </li>
        <li
          className="Footer-listItem-2"
        >
          <a
            className="Footer-link-3"
            href="http://dictybase.org/tools"
          >
            Nomenclature Guidelines
          </a>
        </li>
        <li
          className="Footer-listItem-2"
        >
          <a
            className="Footer-link-3"
            href="http://dictybase.org/tools"
          >
            Phenotyping
          </a>
        </li>
      </ul>
    </div>
  </div>
  <div
    className="MuiGrid-item-9 Footer-gridItem-7"
  >
    <div
      className="Footer-subsectionItem-4"
    >
      <div>
        <ul
          className="Footer-headerLink-6"
        >
          <a
            className="Footer-ulLink-5"
            href="http://dictybase.org/cite"
          >
            Please Cite
          </a>
        </ul>
      </div>
      <ul>
        <li
          className="Footer-listItem-2"
        >
          <a
            className="Footer-link-3"
            href="http://dictybase.org"
          >
            dictyBase
          </a>
        </li>
        <li
          className="Footer-listItem-2"
        >
          <a
            className="Footer-link-3"
            href="http://dictybase.org/stock"
          >
            Dicty stock center
          </a>
        </li>
      </ul>
    </div>
    <div
      className="Footer-subsectionItem-4"
    >
      <div>
        <ul
          className="Footer-headerLink-6"
        >
          <a
            className="Footer-ulLink-5"
            href="http://dictybase.org/support"
          >
            Supported By
          </a>
        </ul>
      </div>
      <ul>
        <li
          className="Footer-listItem-2"
        >
          <a
            className="Footer-link-3"
            href="http://dictybase.org/nih"
          >
            NIH
          </a>
        </li>
        <li
          className="Footer-listItem-2"
        >
          <a
            className="Footer-link-3"
            href="http://dictybase.org/nih"
          >
            GMOD
          </a>
        </li>
        <li
          className="Footer-listItem-2"
        >
          <a
            className="Footer-link-3"
            href="http://dictybase.org/nih"
          >
            Gene ontology
          </a>
        </li>
      </ul>
    </div>
  </div>
</div>
`;
