// Jest Snapshot v1, https://goo.gl/fbAQLP

exports[`matching a snapshot of Header 1`] = `
.c1 {
  color: #ff6b81;
}

.c0 {
  color: #15317e;
  padding: 15px;
  -webkit-text-decoration: none;
  text-decoration: none;
}

<div
  className="MuiGrid-container-8 MuiGrid-spacing-xs-8-29 Header-root-1"
>
  <div
    className="MuiGrid-item-9 MuiGrid-grid-xs-12-46 MuiGrid-grid-sm-5-52 MuiGrid-grid-md-3-63 MuiGrid-grid-lg-3-76 Header-logoContainer-2"
  >
    <a
      className="c0"
      href="http://dictybase.org"
    >
      <img
        alt="dictyBase logo"
        className="Header-image-3"
        src="test-file-stub"
      />
    </a>
  </div>
  <div
    className="MuiGrid-item-9 MuiGrid-grid-xs-12-46 MuiGrid-grid-sm-7-54 MuiGrid-grid-md-5-65 MuiGrid-grid-lg-5-78 Header-searchContainer-4"
  >
    <div
      className="MuiFormControl-root-99 Header-textField-5"
      onBlur={[Function]}
      onFocus={[Function]}
    >
      <label
        className="MuiFormLabel-root-108 MuiInputLabel-root-103 MuiInputLabel-formControl-104 MuiInputLabel-animated-107"
        data-shrink={false}
        htmlFor="guided-search"
      >
        Guided Search
      </label>
      <div
        className="MuiInput-root-113 MuiInput-formControl-114 MuiInput-underline-117"
        onClick={[Function]}
      >
        <input
          aria-invalid={false}
          aria-required={false}
          autoComplete={undefined}
          autoFocus={undefined}
          className="MuiInput-input-121"
          defaultValue={undefined}
          disabled={false}
          id="input-with-icon-adornment"
          name={undefined}
          onBlur={[Function]}
          onChange={[Function]}
          onFocus={[Function]}
          onKeyDown={undefined}
          onKeyUp={undefined}
          placeholder={undefined}
          readOnly={undefined}
          required={undefined}
          rows={undefined}
          type="text"
          value={undefined}
        />
        <div
          className="MuiInputAdornment-root-126 MuiInputAdornment-positionEnd-128"
        >
          <svg
            aria-hidden="true"
            className="MuiSvgIcon-root-129"
            color={undefined}
            focusable="false"
            viewBox="0 0 24 24"
          >
            <g>
              <path
                d="M15.5 14h-.79l-.28-.27C15.41 12.59 16 11.11 16 9.5 16 5.91 13.09 3 9.5 3S3 5.91 3 9.5 5.91 16 9.5 16c1.61 0 3.09-.59 4.23-1.57l.27.28v.79l5 4.99L20.49 19l-4.99-5zm-6 0C7.01 14 5 11.99 5 9.5S7.01 5 9.5 5 14 7.01 14 9.5 11.99 14 9.5 14z"
              />
            </g>
          </svg>
        </div>
      </div>
    </div>
  </div>
  <div
    className="MuiGrid-item-9 MuiGrid-grid-xs-12-46 MuiGrid-grid-sm-12-59 MuiGrid-grid-md-4-64 MuiGrid-grid-lg-4-77 Header-linkContainer-7"
  >
    <a
      className="c1 c0"
      href="/login"
    >
      <span
        aria-hidden={true}
        className="fa fa-sign-in"
      />
      Login
    </a>
    <a
      className="c0"
      href="/cite"
    >
      <span
        aria-hidden={true}
        className="fa fa-plus"
      />
      Cite Us
    </a>
    <a
      className="c0"
      href="/downloads"
    >
      <span
        aria-hidden={true}
        className="fa fa-download"
      />
      Downloads
    </a>
    <a
      className="c0"
      href="/info"
    >
      <span
        aria-hidden={true}
        className="fa fa-info-circle"
      />
      About dictyBase
    </a>
  </div>
</div>
`;
